
Loading weights:   0%|          | 0/313 [00:00<?, ?it/s]
Loading weights:   6%|▌         | 19/313 [00:00<00:01, 182.60it/s]
Loading weights:  12%|█▏        | 38/313 [00:00<00:03, 69.72it/s] 
Loading weights:  16%|█▌        | 49/313 [00:00<00:04, 55.08it/s]
Loading weights:  18%|█▊        | 57/313 [00:00<00:04, 56.15it/s]
Loading weights:  20%|██        | 64/313 [00:01<00:05, 47.24it/s]
Loading weights:  22%|██▏       | 70/313 [00:01<00:05, 44.37it/s]
Loading weights:  24%|██▍       | 76/313 [00:01<00:05, 45.50it/s]
Loading weights:  27%|██▋       | 85/313 [00:01<00:04, 47.66it/s]
Loading weights:  30%|███       | 95/313 [00:01<00:03, 57.15it/s]
Loading weights:  33%|███▎      | 102/313 [00:01<00:03, 54.71it/s]
Loading weights:  35%|███▌      | 111/313 [00:02<00:03, 53.62it/s]
Loading weights:  39%|███▉      | 122/313 [00:02<00:03, 58.76it/s]
Loading weights:  41%|████      | 129/313 [00:02<00:03, 59.23it/s]
Loading weights:  43%|████▎     | 136/313 [00:02<00:03, 58.27it/s]
Loading weights:  46%|████▋     | 145/313 [00:02<00:02, 63.60it/s]
Loading weights:  49%|████▊     | 152/313 [00:02<00:02, 59.74it/s]
Loading weights:  51%|█████     | 159/313 [00:02<00:02, 58.82it/s]
Loading weights:  53%|█████▎    | 167/313 [00:02<00:02, 61.94it/s]
Loading weights:  56%|█████▌    | 174/313 [00:03<00:02, 61.74it/s]
Loading weights:  58%|█████▊    | 181/313 [00:03<00:02, 58.00it/s]
Loading weights:  60%|█████▉    | 187/313 [00:03<00:02, 52.47it/s]
Loading weights:  62%|██████▏   | 194/313 [00:03<00:02, 55.64it/s]
Loading weights:  64%|██████▍   | 200/313 [00:03<00:02, 52.81it/s]
Loading weights:  66%|██████▌   | 207/313 [00:03<00:01, 56.69it/s]
Loading weights:  68%|██████▊   | 213/313 [00:03<00:01, 51.41it/s]
Loading weights:  71%|███████   | 221/313 [00:03<00:01, 55.16it/s]
Loading weights:  73%|███████▎  | 228/313 [00:04<00:01, 53.30it/s]
Loading weights:  75%|███████▍  | 234/313 [00:04<00:01, 50.43it/s]
Loading weights:  78%|███████▊  | 244/313 [00:04<00:01, 57.54it/s]
Loading weights:  80%|███████▉  | 250/313 [00:04<00:01, 57.57it/s]
Loading weights:  82%|████████▏ | 256/313 [00:04<00:01, 55.90it/s]
Loading weights:  85%|████████▍ | 265/313 [00:04<00:00, 62.10it/s]
Loading weights:  87%|████████▋ | 272/313 [00:04<00:00, 53.15it/s]
Loading weights:  89%|████████▉ | 278/313 [00:04<00:00, 49.27it/s]
Loading weights:  92%|█████████▏| 287/313 [00:05<00:00, 51.51it/s]
Loading weights:  94%|█████████▎| 293/313 [00:05<00:00, 48.16it/s]
Loading weights:  96%|█████████▌| 301/313 [00:05<00:00, 51.35it/s]
Loading weights: 100%|██████████| 313/313 [00:05<00:00, 56.51it/s]

Loading weights:   0%|          | 0/527 [00:00<?, ?it/s]
Loading weights:   0%|          | 1/527 [00:00<05:41,  1.54it/s]
Loading weights:   4%|▎         | 19/527 [00:00<00:15, 32.75it/s]
Loading weights:  19%|█▉        | 99/527 [00:00<00:02, 183.34it/s]
Loading weights:  30%|██▉       | 158/527 [00:00<00:01, 272.35it/s]
Loading weights:  39%|███▉      | 205/527 [00:01<00:02, 140.84it/s]
Loading weights:  45%|████▌     | 238/527 [00:01<00:02, 127.89it/s]
Loading weights:  51%|█████     | 267/527 [00:02<00:01, 145.03it/s]
Loading weights:  62%|██████▏   | 325/527 [00:02<00:00, 207.19it/s]
Loading weights:  68%|██████▊   | 359/527 [00:02<00:00, 196.47it/s]
Loading weights:  74%|███████▎  | 388/527 [00:02<00:00, 204.54it/s]
Loading weights:  79%|███████▉  | 416/527 [00:02<00:00, 188.89it/s]
Loading weights:  83%|████████▎ | 440/527 [00:02<00:00, 156.07it/s]
Loading weights:  87%|████████▋ | 460/527 [00:03<00:00, 158.98it/s]
Loading weights:  91%|█████████▏| 481/527 [00:03<00:00, 168.77it/s]
Loading weights:  95%|█████████▌| 501/527 [00:03<00:00, 156.10it/s]
Loading weights:  98%|█████████▊| 519/527 [00:03<00:00, 155.79it/s]
Loading weights: 100%|██████████| 527/527 [00:03<00:00, 154.78it/s]
Note: Illegal Audio-MPEG-Header 0x00000000 at offset 61652.
Note: Trying to resync...
Note: Hit end of (available) data during resync.
