Loading model

Loading weights:   0%|          | 0/313 [00:00<?, ?it/s]
Loading weights:   5%|▌         | 16/313 [00:00<00:02, 137.65it/s]
Loading weights:  10%|▉         | 30/313 [00:00<00:02, 116.76it/s]
Loading weights:  13%|█▎        | 42/313 [00:00<00:02, 108.36it/s]
Loading weights:  18%|█▊        | 55/313 [00:00<00:02, 104.94it/s]
Loading weights:  22%|██▏       | 68/313 [00:00<00:02, 106.16it/s]
Loading weights:  25%|██▌       | 79/313 [00:00<00:02, 106.63it/s]
Loading weights:  29%|██▉       | 91/313 [00:00<00:02, 100.25it/s]
Loading weights:  33%|███▎      | 102/313 [00:00<00:02, 99.66it/s]
Loading weights:  36%|███▌      | 113/313 [00:01<00:01, 100.34it/s]
Loading weights:  40%|███▉      | 124/313 [00:01<00:01, 95.38it/s] 
Loading weights:  43%|████▎     | 134/313 [00:01<00:01, 93.40it/s]
Loading weights:  46%|████▌     | 144/313 [00:01<00:01, 88.12it/s]
Loading weights:  49%|████▉     | 154/313 [00:01<00:01, 89.68it/s]
Loading weights:  54%|█████▎    | 168/313 [00:01<00:01, 93.68it/s]
Loading weights:  58%|█████▊    | 183/313 [00:01<00:01, 103.19it/s]
Loading weights:  62%|██████▏   | 194/313 [00:01<00:01, 100.47it/s]
Loading weights:  67%|██████▋   | 210/313 [00:02<00:00, 104.24it/s]
Loading weights:  72%|███████▏  | 226/313 [00:02<00:00, 116.80it/s]
Loading weights:  76%|███████▋  | 239/313 [00:02<00:00, 118.68it/s]
Loading weights:  81%|████████▏ | 255/313 [00:02<00:00, 127.71it/s]
Loading weights:  86%|████████▌ | 268/313 [00:02<00:00, 120.98it/s]
Loading weights:  90%|████████▉ | 281/313 [00:02<00:00, 122.83it/s]
Loading weights:  94%|█████████▍| 294/313 [00:02<00:00, 120.44it/s]
Loading weights:  98%|█████████▊| 307/313 [00:02<00:00, 120.59it/s]
Loading weights: 100%|██████████| 313/313 [00:02<00:00, 110.18it/s]

Loading weights:   0%|          | 0/527 [00:00<?, ?it/s]
Loading weights:  32%|███▏      | 170/527 [00:00<00:00, 1568.81it/s]
Loading weights:  62%|██████▏   | 327/527 [00:00<00:00, 423.55it/s] 
Loading weights:  77%|███████▋  | 408/527 [00:00<00:00, 392.19it/s]
Loading weights:  89%|████████▉ | 468/527 [00:01<00:00, 380.44it/s]
Loading weights:  98%|█████████▊| 518/527 [00:01<00:00, 353.31it/s]
Loading weights: 100%|██████████| 527/527 [00:01<00:00, 409.91it/s]
en normal: PASS
vi cloned: PASS
