
Loading weights:   0%|          | 0/313 [00:00<?, ?it/s]
Loading weights:   1%|▏         | 4/313 [00:00<00:19, 15.64it/s]
Loading weights:   8%|▊         | 24/313 [00:00<00:03, 73.79it/s]
Loading weights:  11%|█         | 34/313 [00:00<00:04, 62.15it/s]
Loading weights:  14%|█▍        | 45/313 [00:00<00:04, 57.01it/s]
Loading weights:  18%|█▊        | 55/313 [00:00<00:04, 56.52it/s]
Loading weights:  21%|██▏       | 67/313 [00:01<00:03, 62.73it/s]
Loading weights:  24%|██▎       | 74/313 [00:01<00:03, 60.86it/s]
Loading weights:  27%|██▋       | 85/313 [00:01<00:03, 69.01it/s]
Loading weights:  30%|███       | 95/313 [00:01<00:02, 75.73it/s]
Loading weights:  33%|███▎      | 104/313 [00:01<00:02, 70.65it/s]
Loading weights:  36%|███▌      | 113/313 [00:01<00:02, 67.59it/s]
Loading weights:  39%|███▉      | 123/313 [00:01<00:02, 65.09it/s]
Loading weights:  43%|████▎     | 134/313 [00:02<00:02, 75.16it/s]
Loading weights:  45%|████▌     | 142/313 [00:02<00:02, 71.12it/s]
Loading weights:  48%|████▊     | 150/313 [00:02<00:02, 65.77it/s]
Loading weights:  50%|█████     | 158/313 [00:02<00:02, 67.57it/s]
Loading weights:  53%|█████▎    | 165/313 [00:02<00:02, 61.91it/s]
Loading weights:  55%|█████▌    | 173/313 [00:02<00:02, 64.57it/s]
Loading weights:  58%|█████▊    | 180/313 [00:02<00:02, 57.41it/s]
Loading weights:  61%|██████    | 191/313 [00:02<00:01, 68.10it/s]
Loading weights:  64%|██████▍   | 201/313 [00:03<00:01, 70.32it/s]
Loading weights:  67%|██████▋   | 211/313 [00:03<00:01, 72.90it/s]
Loading weights:  70%|██████▉   | 219/313 [00:03<00:01, 70.05it/s]
Loading weights:  73%|███████▎  | 227/313 [00:03<00:01, 56.05it/s]
Loading weights:  75%|███████▍  | 234/313 [00:03<00:01, 51.67it/s]
Loading weights:  77%|███████▋  | 241/313 [00:03<00:01, 50.00it/s]
Loading weights:  81%|████████  | 253/313 [00:03<00:00, 64.31it/s]
Loading weights:  83%|████████▎ | 261/313 [00:04<00:00, 66.86it/s]
Loading weights:  86%|████████▋ | 270/313 [00:04<00:00, 70.42it/s]
Loading weights:  89%|████████▉ | 279/313 [00:04<00:00, 71.91it/s]
Loading weights:  92%|█████████▏| 288/313 [00:04<00:00, 73.08it/s]
Loading weights:  95%|█████████▌| 298/313 [00:04<00:00, 73.41it/s]
Loading weights:  98%|█████████▊| 307/313 [00:04<00:00, 74.41it/s]
Loading weights: 100%|██████████| 313/313 [00:04<00:00, 66.45it/s]

Loading weights:   0%|          | 0/527 [00:00<?, ?it/s]
Loading weights:  19%|█▊        | 98/527 [00:00<00:00, 785.43it/s]
Loading weights:  34%|███▎      | 177/527 [00:00<00:00, 464.78it/s]
Loading weights:  44%|████▎     | 230/527 [00:01<00:02, 100.86it/s]
Loading weights:  50%|████▉     | 261/527 [00:01<00:02, 105.85it/s]
Loading weights:  62%|██████▏   | 325/527 [00:02<00:01, 152.66it/s]
Loading weights:  68%|██████▊   | 358/527 [00:02<00:01, 151.20it/s]
Loading weights:  73%|███████▎  | 385/527 [00:02<00:00, 155.12it/s]
Loading weights:  78%|███████▊  | 409/527 [00:02<00:00, 155.48it/s]
Loading weights:  82%|████████▏ | 430/527 [00:02<00:00, 162.02it/s]
Loading weights:  86%|████████▌ | 451/527 [00:02<00:00, 157.13it/s]
Loading weights:  89%|████████▉ | 470/527 [00:02<00:00, 161.18it/s]
Loading weights:  93%|█████████▎| 490/527 [00:03<00:00, 167.97it/s]
Loading weights:  97%|█████████▋| 509/527 [00:03<00:00, 159.61it/s]
Loading weights: 100%|██████████| 527/527 [00:03<00:00, 161.24it/s]
VI request 1: PASS, 3.46s audio
VI request 2: PASS, 3.01s audio
